warning: `VIRTUAL_ENV=venv` does not match the project environment path `.venv` and will be ignored
